// Jest Snapshot v1, https://goo.gl/fbAQLP

exports[`Run tests of component <Button /> should render button 1`] = `
<styled.button
  backgroundColor="#073d92"
  borderRadius="30px"
  color="#fff"
  hoverType={
    Object {
      "ZoomIn": true,
    }
  }
  onClick={[MockFunction]}
>
  Click
</styled.button>
`;
